// Jest Snapshot v1, https://goo.gl/fbAQLP

exports[`implementation option should throw error when unresolved package: errors 1`] = `
[
  "ModuleBuildError: Module build failed (from \`replaced original path\`):
NonErrorEmittedError: (Emitted value instead of an instance of Error) Error: Cannot find module 'unresolved' from 'src/utils.js'",
]
`;

exports[`implementation option should throw error when unresolved package: warnings 1`] = `[]`;

exports[`implementation option should work when implementation option is string: css 1`] = `
"body {
  font: 12px Helvetica, Arial, sans-serif;
}
a.button {
  -webkit-border-radius: 5px;
  -moz-border-radius: 5px;
  border-radius: 5px;
}
"
`;

exports[`implementation option should work when implementation option is string: errors 1`] = `[]`;

exports[`implementation option should work when implementation option is string: warnings 1`] = `[]`;

exports[`implementation option should work: css 1`] = `
"body {
  font: 12px Helvetica, Arial, sans-serif;
}
a.button {
  -webkit-border-radius: 5px;
  -moz-border-radius: 5px;
  border-radius: 5px;
}
"
`;

exports[`implementation option should work: errors 1`] = `[]`;

exports[`implementation option should work: warnings 1`] = `[]`;
